C:\Users\laihn\IdeaProjects\azsdk-java-rewrite-recipes-fork\rewrite-java-core\src\test\java\com\azure\recipes\core\v2\AddTryCatchToMethodCallUnitTest.java
C:\Users\laihn\IdeaProjects\azsdk-java-rewrite-recipes-fork\rewrite-java-core\src\test\java\com\azure\recipes\core\v2\ClientLoggerTest.java
C:\Users\laihn\IdeaProjects\azsdk-java-rewrite-recipes-fork\rewrite-java-core\src\test\java\com\azure\recipes\core\v2\ExceptionTypesTest.java
C:\Users\laihn\IdeaProjects\azsdk-java-rewrite-recipes-fork\rewrite-java-core\src\test\java\com\azure\recipes\core\v2\TypeReferenceTest.java
C:\Users\laihn\IdeaProjects\azsdk-java-rewrite-recipes-fork\rewrite-java-core\src\test\java\com\azure\recipes\core\v2\ResponseTest.java
C:\Users\laihn\IdeaProjects\azsdk-java-rewrite-recipes-fork\rewrite-java-core\src\test\java\com\azure\recipes\core\v2\RetryOptionsConstructorTest.java
C:\Users\laihn\IdeaProjects\azsdk-java-rewrite-recipes-fork\rewrite-java-core\src\test\java\com\azure\recipes\core\v2\CredentialTest.java
C:\Users\laihn\IdeaProjects\azsdk-java-rewrite-recipes-fork\rewrite-java-core\src\test\java\com\azure\recipes\core\v2\CoreUtilsTest.java
C:\Users\laihn\IdeaProjects\azsdk-java-rewrite-recipes-fork\rewrite-java-core\src\test\java\com\azure\recipes\core\v2\HttpLogOptionsTest.java
C:\Users\laihn\IdeaProjects\azsdk-java-rewrite-recipes-fork\rewrite-java-core\src\test\java\com\azure\recipes\core\v2\AddTryCatchToMethodCallTest.java
C:\Users\laihn\IdeaProjects\azsdk-java-rewrite-recipes-fork\rewrite-java-core\src\test\java\com\azure\recipes\core\v2\TextTranslationClientBuilderHttpTraitTest.java
C:\Users\laihn\IdeaProjects\azsdk-java-rewrite-recipes-fork\rewrite-java-core\src\test\java\com\azure\recipes\core\v2\ContextTest.java
C:\Users\laihn\IdeaProjects\azsdk-java-rewrite-recipes-fork\rewrite-java-core\src\test\java\com\azure\recipes\core\v2\BinaryDataTest.java
C:\Users\laihn\IdeaProjects\azsdk-java-rewrite-recipes-fork\rewrite-java-core\src\test\java\com\azure\recipes\core\v2\RequestOptionsTest.java
C:\Users\laihn\IdeaProjects\azsdk-java-rewrite-recipes-fork\rewrite-java-core\src\test\java\com\azure\recipes\core\v2\HttpHeaderNameTest.java
C:\Users\laihn\IdeaProjects\azsdk-java-rewrite-recipes-fork\rewrite-java-core\src\test\java\com\azure\recipes\core\v2\UtilConfigurationTest.java
