com\azure\recipes\core\v2\RetryOptionsConstructorRecipe$RetryVisitor.class
com\azure\recipes\core\v2\ContextRecipe$1.class
com\azure\recipes\core\v2\RemoveFixedDelayRecipe.class
com\azure\recipes\core\v2\AddTryCatchToMethodCallRecipe.class
com\azure\recipes\core\v2\ContextRecipe.class
com\azure\recipes\core\v2\ResponseRecipe$1.class
com\azure\recipes\core\v2\RetryOptionsConstructorRecipe.class
com\azure\recipes\core\v2\TypeReferenceRecipe$1.class
com\azure\recipes\core\v2\ResponseRecipe$UpdateResponseVisitor.class
com\azure\recipes\core\v2\HttpLogOptionsRecipe$HttpLogOptionsVisitor.class
com\azure\recipes\core\v2\AddTryCatchToMethodCallRecipe$1.class
com\azure\recipes\core\v2\HttpLogOptionsRecipe$1.class
com\azure\recipes\core\v2\RemoveFixedDelayRecipe$1.class
com\azure\recipes\core\v2\HttpLogOptionsRecipe.class
com\azure\recipes\core\v2\ContextRecipe$ChangeStaticFieldToMethodVisitor.class
com\azure\recipes\core\v2\RemoveFixedDelayRecipe$FixedDelayVisitor.class
com\azure\recipes\core\v2\TypeReferenceRecipe.class
com\azure\recipes\core\v2\TypeReferenceRecipe$ConvertTypeReferenceVisitor.class
com\azure\recipes\core\v2\AddTryCatchToMethodCallRecipe$AddTryCatchVisitor.class
com\azure\recipes\core\v2\ResponseRecipe.class
com\azure\recipes\core\v2\RetryOptionsConstructorRecipe$1.class
