C:\Users\laihn\IdeaProjects\azsdk-java-rewrite-recipes-fork\rewrite-java-core\src\main\java\com\azure\recipes\core\v2\ResponseRecipe.java
C:\Users\laihn\IdeaProjects\azsdk-java-rewrite-recipes-fork\rewrite-java-core\src\main\java\com\azure\recipes\core\v2\HttpLogOptionsRecipe.java
C:\Users\laihn\IdeaProjects\azsdk-java-rewrite-recipes-fork\rewrite-java-core\src\main\java\com\azure\recipes\core\v2\AddTryCatchToMethodCallRecipe.java
C:\Users\laihn\IdeaProjects\azsdk-java-rewrite-recipes-fork\rewrite-java-core\src\main\java\com\azure\recipes\core\v2\RetryOptionsConstructorRecipe.java
C:\Users\laihn\IdeaProjects\azsdk-java-rewrite-recipes-fork\rewrite-java-core\src\main\java\com\azure\recipes\core\v2\RemoveFixedDelayRecipe.java
C:\Users\laihn\IdeaProjects\azsdk-java-rewrite-recipes-fork\rewrite-java-core\src\main\java\com\azure\recipes\core\v2\TypeReferenceRecipe.java
C:\Users\laihn\IdeaProjects\azsdk-java-rewrite-recipes-fork\rewrite-java-core\src\main\java\com\azure\recipes\core\v2\ContextRecipe.java
